Archive member included to satisfy reference by file (symbol)

C:/ST/STM32CubeIDE_1.14.0/STM32CubeIDE/plugins/com.st.stm32cube.ide.mcu.externaltools.gnu-tools-for-stm32.11.3.rel1.win32_1.1.100.202309141235/tools/bin/../lib/gcc/arm-none-eabi/11.3.1/../../../../arm-none-eabi/lib/thumb/v7e-m+fp/hard\libc_nano.a(libc_a-exit.o)
                              C:/ST/STM32CubeIDE_1.14.0/STM32CubeIDE/plugins/com.st.stm32cube.ide.mcu.externaltools.gnu-tools-for-stm32.11.3.rel1.win32_1.1.100.202309141235/tools/bin/../lib/gcc/arm-none-eabi/11.3.1/../../../../arm-none-eabi/lib/thumb/v7e-m+fp/hard/crt0.o (exit)
C:/ST/STM32CubeIDE_1.14.0/STM32CubeIDE/plugins/com.st.stm32cube.ide.mcu.externaltools.gnu-tools-for-stm32.11.3.rel1.win32_1.1.100.202309141235/tools/bin/../lib/gcc/arm-none-eabi/11.3.1/../../../../arm-none-eabi/lib/thumb/v7e-m+fp/hard\libc_nano.a(libc_a-findfp.o)
                              C:/ST/STM32CubeIDE_1.14.0/STM32CubeIDE/plugins/com.st.stm32cube.ide.mcu.externaltools.gnu-tools-for-stm32.11.3.rel1.win32_1.1.100.202309141235/tools/bin/../lib/gcc/arm-none-eabi/11.3.1/../../../../arm-none-eabi/lib/thumb/v7e-m+fp/hard\libc_nano.a(libc_a-exit.o) (__stdio_exit_handler)
C:/ST/STM32CubeIDE_1.14.0/STM32CubeIDE/plugins/com.st.stm32cube.ide.mcu.externaltools.gnu-tools-for-stm32.11.3.rel1.win32_1.1.100.202309141235/tools/bin/../lib/gcc/arm-none-eabi/11.3.1/../../../../arm-none-eabi/lib/thumb/v7e-m+fp/hard\libc_nano.a(libc_a-fwalk.o)
                              C:/ST/STM32CubeIDE_1.14.0/STM32CubeIDE/plugins/com.st.stm32cube.ide.mcu.externaltools.gnu-tools-for-stm32.11.3.rel1.win32_1.1.100.202309141235/tools/bin/../lib/gcc/arm-none-eabi/11.3.1/../../../../arm-none-eabi/lib/thumb/v7e-m+fp/hard\libc_nano.a(libc_a-findfp.o) (_fwalk_sglue)
C:/ST/STM32CubeIDE_1.14.0/STM32CubeIDE/plugins/com.st.stm32cube.ide.mcu.externaltools.gnu-tools-for-stm32.11.3.rel1.win32_1.1.100.202309141235/tools/bin/../lib/gcc/arm-none-eabi/11.3.1/../../../../arm-none-eabi/lib/thumb/v7e-m+fp/hard\libc_nano.a(libc_a-stdio.o)
                              C:/ST/STM32CubeIDE_1.14.0/STM32CubeIDE/plugins/com.st.stm32cube.ide.mcu.externaltools.gnu-tools-for-stm32.11.3.rel1.win32_1.1.100.202309141235/tools/bin/../lib/gcc/arm-none-eabi/11.3.1/../../../../arm-none-eabi/lib/thumb/v7e-m+fp/hard\libc_nano.a(libc_a-findfp.o) (__sread)
C:/ST/STM32CubeIDE_1.14.0/STM32CubeIDE/plugins/com.st.stm32cube.ide.mcu.externaltools.gnu-tools-for-stm32.11.3.rel1.win32_1.1.100.202309141235/tools/bin/../lib/gcc/arm-none-eabi/11.3.1/../../../../arm-none-eabi/lib/thumb/v7e-m+fp/hard\libc_nano.a(libc_a-memset.o)
                              C:/ST/STM32CubeIDE_1.14.0/STM32CubeIDE/plugins/com.st.stm32cube.ide.mcu.externaltools.gnu-tools-for-stm32.11.3.rel1.win32_1.1.100.202309141235/tools/bin/../lib/gcc/arm-none-eabi/11.3.1/../../../../arm-none-eabi/lib/thumb/v7e-m+fp/hard/crt0.o (memset)
C:/ST/STM32CubeIDE_1.14.0/STM32CubeIDE/plugins/com.st.stm32cube.ide.mcu.externaltools.gnu-tools-for-stm32.11.3.rel1.win32_1.1.100.202309141235/tools/bin/../lib/gcc/arm-none-eabi/11.3.1/../../../../arm-none-eabi/lib/thumb/v7e-m+fp/hard\libc_nano.a(libc_a-closer.o)
                              C:/ST/STM32CubeIDE_1.14.0/STM32CubeIDE/plugins/com.st.stm32cube.ide.mcu.externaltools.gnu-tools-for-stm32.11.3.rel1.win32_1.1.100.202309141235/tools/bin/../lib/gcc/arm-none-eabi/11.3.1/../../../../arm-none-eabi/lib/thumb/v7e-m+fp/hard\libc_nano.a(libc_a-stdio.o) (_close_r)
C:/ST/STM32CubeIDE_1.14.0/STM32CubeIDE/plugins/com.st.stm32cube.ide.mcu.externaltools.gnu-tools-for-stm32.11.3.rel1.win32_1.1.100.202309141235/tools/bin/../lib/gcc/arm-none-eabi/11.3.1/../../../../arm-none-eabi/lib/thumb/v7e-m+fp/hard\libc_nano.a(libc_a-reent.o)
                              C:/ST/STM32CubeIDE_1.14.0/STM32CubeIDE/plugins/com.st.stm32cube.ide.mcu.externaltools.gnu-tools-for-stm32.11.3.rel1.win32_1.1.100.202309141235/tools/bin/../lib/gcc/arm-none-eabi/11.3.1/../../../../arm-none-eabi/lib/thumb/v7e-m+fp/hard\libc_nano.a(libc_a-closer.o) (errno)
C:/ST/STM32CubeIDE_1.14.0/STM32CubeIDE/plugins/com.st.stm32cube.ide.mcu.externaltools.gnu-tools-for-stm32.11.3.rel1.win32_1.1.100.202309141235/tools/bin/../lib/gcc/arm-none-eabi/11.3.1/../../../../arm-none-eabi/lib/thumb/v7e-m+fp/hard\libc_nano.a(libc_a-impure.o)
                              C:/ST/STM32CubeIDE_1.14.0/STM32CubeIDE/plugins/com.st.stm32cube.ide.mcu.externaltools.gnu-tools-for-stm32.11.3.rel1.win32_1.1.100.202309141235/tools/bin/../lib/gcc/arm-none-eabi/11.3.1/../../../../arm-none-eabi/lib/thumb/v7e-m+fp/hard\libc_nano.a(libc_a-reent.o) (_impure_ptr)
C:/ST/STM32CubeIDE_1.14.0/STM32CubeIDE/plugins/com.st.stm32cube.ide.mcu.externaltools.gnu-tools-for-stm32.11.3.rel1.win32_1.1.100.202309141235/tools/bin/../lib/gcc/arm-none-eabi/11.3.1/../../../../arm-none-eabi/lib/thumb/v7e-m+fp/hard\libc_nano.a(libc_a-lseekr.o)
[...]
Memory Configuration

Name             Origin             Length             Attributes
RAM              0x0000000020000000 0x0000000000020000 xrw
FLASH            0x0000000008000000 0x0000000000080000 xr
*default*        0x0000000000000000 0xffffffffffffffff

Linker script and memory map

LOAD C:/ST/STM32CubeIDE_1.14.0/STM32CubeIDE/plugins/com.st.stm32cube.ide.mcu.externaltools.gnu-tools-for-stm32.11.3.rel1.win32_1.1.100.202309141235/tools/bin/../lib/gcc/arm-none-eabi/11.3.1/thumb/v7e-m+fp/hard/crti.o
LOAD C:/ST/STM32CubeIDE_1.14.0/STM32CubeIDE/plugins/com.st.stm32cube.ide.mcu.externaltools.gnu-tools-for-stm32.11.3.rel1.win32_1.1.100.202309141235/tools/bin/../lib/gcc/arm-none-eabi/11.3.1/thumb/v7e-m+fp/hard/crtbegin.o
LOAD C:/ST/STM32CubeIDE_1.14.0/STM32CubeIDE/plugins/com.st.stm32cube.ide.mcu.externaltools.gnu-tools-for-stm32.11.3.rel1.win32_1.1.100.202309141235/tools/bin/../lib/gcc/arm-none-eabi/11.3.1/../../../../arm-none-eabi/lib/thumb/v7e-m+fp/hard/crt0.o
LOAD ./Src/adxl.o
LOAD ./Src/i2c.o
LOAD ./Src/main.o
LOAD ./Src/syscalls.o
LOAD ./Src/sysmem.o
LOAD ./Src/uart.o
LOAD ./Startup/startup_stm32f446retx.o
START GROUP
LOAD C:/ST/STM32CubeIDE_1.14.0/STM32CubeIDE/plugins/com.st.stm32cube.ide.mcu.externaltools.gnu-tools-for-stm32.11.3.rel1.win32_1.1.100.202309141235/tools/bin/../lib/gcc/arm-none-eabi/11.3.1/../../../../arm-none-eabi/lib/thumb/v7e-m+fp/hard\libc_nano.a
LOAD C:/ST/STM32CubeIDE_1.14.0/STM32CubeIDE/plugins/com.st.stm32cube.ide.mcu.externaltools.gnu-tools-for-stm32.11.3.rel1.win32_1.1.100.202309141235/tools/bin/../lib/gcc/arm-none-eabi/11.3.1/../../../../arm-none-eabi/lib/thumb/v7e-m+fp/hard\libm.a
END GROUP
START GROUP
LOAD C:/ST/STM32CubeIDE_1.14.0/STM32CubeIDE/plugins/com.st.stm32cube.ide.mcu.externaltools.gnu-tools-for-stm32.11.3.rel1.win32_1.1.100.202309141235/tools/bin/../lib/gcc/arm-none-eabi/11.3.1/thumb/v7e-m+fp/hard\libgcc.a
LOAD C:/ST/STM32CubeIDE_1.14.0/STM32CubeIDE/plugins/com.st.stm32cube.ide.mcu.externaltools.gnu-tools-for-stm32.11.3.rel1.win32_1.1.100.202309141235/tools/bin/../lib/gcc/arm-none-eabi/11.3.1/../../../../arm-none-eabi/lib/thumb/v7e-m+fp/hard\libc_nano.a
END GROUP
START GROUP
LOAD C:/ST/STM32CubeIDE_1.14.0/STM32CubeIDE/plugins/com.st.stm32cube.ide.mcu.externaltools.gnu-tools-for-stm32.11.3.rel1.win32_1.1.100.202309141235/tools/bin/../lib/gcc/arm-none-eabi/11.3.1/thumb/v7e-m+fp/hard\libgcc.a
LOAD C:/ST/STM32CubeIDE_1.14.0/STM32CubeIDE/plugins/com.st.stm32cube.ide.mcu.externaltools.gnu-tools-for-stm32.11.3.rel1.win32_1.1.100.202309141235/tools/bin/../lib/gcc/arm-none-eabi/11.3.1/../../../../arm-none-eabi/lib/thumb/v7e-m+fp/hard\libc_nano.a
LOAD C:/ST/STM32CubeIDE_1.14.0/STM32CubeIDE/plugins/com.st.stm32cube.ide.mcu.externaltools.gnu-tools-for-stm32.11.3.rel1.win32_1.1.100.202309141235/tools/bin/../lib/gcc/arm-none-eabi/11.3.1/../../../../arm-none-eabi/lib/thumb/v7e-m+fp/hard\libnosys.a
END GROUP
START GROUP
LOAD C:/ST/STM32CubeIDE_1.14.0/STM32CubeIDE/plugins/com.st.stm32cube.ide.mcu.externaltools.gnu-tools-for-stm32.11.3.rel1.win32_1.1.100.202309141235/tools/bin/../lib/gcc/arm-none-eabi/11.3.1/thumb/v7e-m+fp/hard\libgcc.a
LOAD C:/ST/STM32CubeIDE_1.14.0/STM32CubeIDE/plugins/com.st.stm32cube.ide.mcu.externaltools.gnu-tools-for-stm32.11.3.rel1.win32_1.1.100.202309141235/tools/bin/../lib/gcc/arm-none-eabi/11.3.1/../../../../arm-none-eabi/lib/thumb/v7e-m+fp/hard\libc_nano.a
LOAD C:/ST/STM32CubeIDE_1.14.0/STM32CubeIDE/plugins/com.st.stm32cube.ide.mcu.externaltools.gnu-tools-for-stm32.11.3.rel1.win32_1.1.100.202309141235/tools/bin/../lib/gcc/arm-none-eabi/11.3.1/../../../../arm-none-eabi/lib/thumb/v7e-m+fp/hard\libnosys.a
END GROUP
LOAD C:/ST/STM32CubeIDE_1.14.0/STM32CubeIDE/plugins/com.st.stm32cube.ide.mcu.externaltools.gnu-tools-for-stm32.11.3.rel1.win32_1.1.100.202309141235/tools/bin/../lib/gcc/arm-none-eabi/11.3.1/thumb/v7e-m+fp/hard/crtend.o
LOAD C:/ST/STM32CubeIDE_1.14.0/STM32CubeIDE/plugins/com.st.stm32cube.ide.mcu.externaltools.gnu-tools-for-stm32.11.3.rel1.win32_1.1.100.202309141235/tools/bin/../lib/gcc/arm-none-eabi/11.3.1/thumb/v7e-m+fp/hard/crtn.o
                0x0000000020020000                _estack = (ORIGIN (RAM) + LENGTH (RAM))
                0x0000000000000200                _Min_Heap_Size = 0x200
                0x0000000000000400                _Min_Stack_Size = 0x400

.isr_vector     0x0000000008000000      0x1c4
                0x0000000008000000                . = ALIGN (0x4)
 *(.isr_vector)
 .isr_vector    0x0000000008000000      0x1c4 ./Startup/startup_stm32f446retx.o
                0x0000000008000000                g_pfnVectors
                0x00000000080001c4                . = ALIGN (0x4)

.text           0x00000000080001c8      0xc60
                0x00000000080001c8                . = ALIGN (0x4)
 *(.text)
 .text          0x00000000080001c8       0x40 C:/ST/STM32CubeIDE_1.14.0/STM32CubeIDE/plugins/com.st.stm32cube.ide.mcu.externaltools.gnu-tools-for-stm32.11.3.rel1.win32_1.1.100.202309141235/tools/bin/../lib/gcc/arm-none-eabi/11.3.1/thumb/v7e-m+fp/hard/crtbegin.o
 .text          0x0000000008000208      0x254 C:/ST/STM32CubeIDE_1.14.0/STM32CubeIDE/plugins/com.st.stm32cube.ide.mcu.externaltools.gnu-tools-for-stm32.11.3.rel1.win32_1.1.100.202309141235/tools/bin/../lib/gcc/arm-none-eabi/11.3.1/thumb/v7e-m+fp/hard\libgcc.a(_arm_muldf3.o)
                0x0000000008000208                __muldf3
                0x0000000008000208                __aeabi_dmul
 .text          0x000000000800045c      0x378 C:/ST/STM32CubeIDE_1.14.0/STM32CubeIDE/plugins/com.st.stm32cube.ide.mcu.externaltools.gnu-tools-for-stm32.11.3.rel1.win32_1.1.100.202309141235/tools/bin/../lib/gcc/arm-none-eabi/11.3.1/thumb/v7e-m+fp/hard\libgcc.a(_arm_addsubdf3.o)
                0x000000000800045c                __aeabi_drsub
                0x0000000008000464                __aeabi_dsub
                0x0000000008000464                __subdf3
                0x0000000008000468                __aeabi_dadd
                0x0000000008000468                __adddf3
                0x00000000080006e0                __floatunsidf
                0x00000000080006e0                __aeabi_ui2d
                0x0000000008000700                __floatsidf
                0x0000000008000700                __aeabi_i2d
                0x0000000008000724                __aeabi_f2d
                0x0000000008000724                __extendsfdf2
                0x0000000008000768                __floatundidf
                0x0000000008000768                __aeabi_ul2d
                0x0000000008000778                __floatdidf
                0x0000000008000778                __aeabi_l2d
 *(.text*)
 .text.adxl_read_address
                0x00000000080007d4       0x24 ./Src/adxl.o
                0x00000000080007d4                adxl_read_address
 .text.adxl_write
                0x00000000080007f8       0x2a ./Src/adxl.o
                0x00000000080007f8                adxl_write
 *fill*         0x0000000008000822        0x2 
 .text.adxl_read_values
                0x0000000008000824       0x24 ./Src/adxl.o
                0x0000000008000824                adxl_read_values
 .text.adxl_init
                0x0000000008000848       0x2a ./Src/adxl.o
                0x0000000008000848                adxl_init
 *fill*         0x0000000008000872        0x2 
 .text.I2C1_init
                0x0000000008000874      0x140 ./Src/i2c.o
                0x0000000008000874                I2C1_init
 .text.I2C1_byteRead
                0x00000000080009b4       0xe8 ./Src/i2c.o
                0x00000000080009b4                I2C1_byteRead
 .text.I2C1_burstRead
                0x0000000008000a9c      0x138 ./Src/i2c.o
                0x0000000008000a9c                I2C1_burstRead
 .text.I2C1_burstWrite
                0x0000000008000bd4       0xc4 ./Src/i2c.o
                0x0000000008000bd4                I2C1_burstWrite
 .text.main     0x0000000008000c98       0xdc ./Src/main.o
                0x0000000008000c98                main
 .text.Reset_Handler
                0x0000000008000d74       0x50 ./Startup/startup_stm32f446retx.o
                0x0000000008000d74                Reset_Handler
 .text.Default_Handler
                0x0000000008000dc4        0x2 ./Startup/startup_stm32f446retx.o
                0x0000000008000dc4                RTC_Alarm_IRQHandler
                0x0000000008000dc4                EXTI2_IRQHandler
                0x0000000008000dc4                TIM8_CC_IRQHandler
                0x0000000008000dc4                SPDIF_Rx_IRQHandler
                0x0000000008000dc4                DebugMon_Handler
                0x0000000008000dc4                SPI4_IRQHandler
                0x0000000008000dc4                TIM1_CC_IRQHandler
                0x0000000008000dc4                QuadSPI_IRQHandler
                0x0000000008000dc4                DMA2_Stream5_IRQHandler
                0x0000000008000dc4                HardFault_Handler
                0x0000000008000dc4                DMA1_Stream5_IRQHandler
                0x0000000008000dc4                SysTick_Handler
                0x0000000008000dc4                PVD_IRQHandler
                0x0000000008000dc4                SDIO_IRQHandler
                0x0000000008000dc4                TAMP_STAMP_IRQHandler
                0x0000000008000dc4                PendSV_Handler
                0x0000000008000dc4                NMI_Handler
                0x0000000008000dc4                CAN2_RX1_IRQHandler
                0x0000000008000dc4                EXTI3_IRQHandler
                0x0000000008000dc4                TIM8_TRG_COM_TIM14_IRQHandler
                0x0000000008000dc4                TIM1_UP_TIM10_IRQHandler
                0x0000000008000dc4                FMPI2C1_error_IRQHandler
                0x0000000008000dc4                TIM8_UP_TIM13_IRQHandler
                0x0000000008000dc4                I2C3_ER_IRQHandler
                0x0000000008000dc4                EXTI0_IRQHandler
                0x0000000008000dc4                I2C2_EV_IRQHandler
                0x0000000008000dc4                DMA1_Stream2_IRQHandler
                0x0000000008000dc4                CAN1_RX0_IRQHandler
                0x0000000008000dc4                OTG_HS_WKUP_IRQHandler
                0x0000000008000dc4                UsageFault_Handler
                0x0000000008000dc4                CAN2_SCE_IRQHandler
                0x0000000008000dc4                DMA2_Stream2_IRQHandler
                0x0000000008000dc4                SPI1_IRQHandler
                0x0000000008000dc4                TIM6_DAC_IRQHandler
                0x0000000008000dc4                TIM1_BRK_TIM9_IRQHandler
                0x0000000008000dc4                DCMI_IRQHandler
                0x0000000008000dc4                CAN2_RX0_IRQHandler
                0x0000000008000dc4                DMA2_Stream3_IRQHandler
                0x0000000008000dc4                FMPI2C1_IRQHandler
                0x0000000008000dc4                SAI2_IRQHandler
                0x0000000008000dc4                USART6_IRQHandler
                0x0000000008000dc4                USART3_IRQHandler
                0x0000000008000dc4                CAN1_RX1_IRQHandler
                0x0000000008000dc4                UART5_IRQHandler
                0x0000000008000dc4                DMA2_Stream0_IRQHandler
                0x0000000008000dc4                TIM4_IRQHandler
                0x0000000008000dc4                I2C1_EV_IRQHandler
                0x0000000008000dc4                HDMI_CEC_IRQHandler
                0x0000000008000dc4                DMA1_Stream6_IRQHandler
                0x0000000008000dc4                DMA1_Stream1_IRQHandler
                0x0000000008000dc4                UART4_IRQHandler
                0x0000000008000dc4                TIM3_IRQHandler
                0x0000000008000dc4                RCC_IRQHandler
                0x0000000008000dc4                TIM8_BRK_TIM12_IRQHandler
                0x0000000008000dc4                Default_Handler
                0x0000000008000dc4                EXTI15_10_IRQHandler
                0x0000000008000dc4                ADC_IRQHandler
                0x0000000008000dc4                DMA1_Stream7_IRQHandler
                0x0000000008000dc4                TIM7_IRQHandler
                0x0000000008000dc4                CAN2_TX_IRQHandler
                0x0000000008000dc4                TIM5_IRQHandler
                0x0000000008000dc4                DMA2_Stream7_IRQHandler
                0x0000000008000dc4                I2C3_EV_IRQHandler
                0x0000000008000dc4                EXTI9_5_IRQHandler
                0x0000000008000dc4                RTC_WKUP_IRQHandler
                0x0000000008000dc4                SPI2_IRQHandler
                0x0000000008000dc4                OTG_HS_EP1_IN_IRQHandler
                0x0000000008000dc4                MemManage_Handler
                0x0000000008000dc4                DMA1_Stream0_IRQHandler
                0x0000000008000dc4                CAN1_TX_IRQHandler
                0x0000000008000dc4                SVC_Handler
                0x0000000008000dc4                EXTI4_IRQHandler
                0x0000000008000dc4                OTG_HS_EP1_OUT_IRQHandler
                0x0000000008000dc4                WWDG_IRQHandler
                0x0000000008000dc4                TIM2_IRQHandler
                0x0000000008000dc4                OTG_FS_WKUP_IRQHandler
                0x0000000008000dc4                TIM1_TRG_COM_TIM11_IRQHandler
                0x0000000008000dc4                OTG_HS_IRQHandler
                0x0000000008000dc4                EXTI1_IRQHandler
                0x0000000008000dc4                USART2_IRQHandler
                0x0000000008000dc4                I2C2_ER_IRQHandler
                0x0000000008000dc4                DMA2_Stream1_IRQHandler
                0x0000000008000dc4                CAN1_SCE_IRQHandler
                0x0000000008000dc4                FLASH_IRQHandler
                0x0000000008000dc4                DMA2_Stream4_IRQHandler
                0x0000000008000dc4                BusFault_Handler
                0x0000000008000dc4                USART1_IRQHandler
                0x0000000008000dc4                OTG_FS_IRQHandler
                0x0000000008000dc4                SPI3_IRQHandler
                0x0000000008000dc4                DMA1_Stream4_IRQHandler
                0x0000000008000dc4                I2C1_ER_IRQHandler
                0x0000000008000dc4                FMC_IRQHandler
                0x0000000008000dc4                DMA2_Stream6_IRQHandler
                0x0000000008000dc4                SAI1_IRQHandler
                0x0000000008000dc4                DMA1_Stream3_IRQHandler
 *fill*         0x0000000008000dc6        0x2 
 .text.__libc_init_array
                0x0000000008000dc8       0x48 C:/ST/STM32CubeIDE_1.14.0/STM32CubeIDE/plugins/com.st.stm32cube.ide.mcu.externaltools.gnu-tools-for-stm32.11.3.rel1.win32_1.1.100.202309141235/tools/bin/../lib/gcc/arm-none-eabi/11.3.1/../../../../arm-none-eabi/lib/thumb/v7e-m+fp/hard\libc_nano.a(libc_a-init.o)
                0x0000000008000dc8                __libc_init_array
 *(.glue_7)
 .glue_7        0x0000000008000e10        0x0 linker stubs
 *(.glue_7t)
 .glue_7t       0x0000000008000e10        0x0 linker stubs
 *(.eh_frame)
 .eh_frame      0x0000000008000e10        0x0 C:/ST/STM32CubeIDE_1.14.0/STM32CubeIDE/plugins/com.st.stm32cube.ide.mcu.externaltools.gnu-tools-for-stm32.11.3.rel1.win32_1.1.100.202309141235/tools/bin/../lib/gcc/arm-none-eabi/11.3.1/thumb/v7e-m+fp/hard/crtbegin.o
 *(.init)
 .init          0x0000000008000e10        0x4 C:/ST/STM32CubeIDE_1.14.0/STM32CubeIDE/plugins/com.st.stm32cube.ide.mcu.externaltools.gnu-tools-for-stm32.11.3.rel1.win32_1.1.100.202309141235/tools/bin/../lib/gcc/arm-none-eabi/11.3.1/thumb/v7e-m+fp/hard/crti.o
                0x0000000008000e10                _init
 .init          0x0000000008000e14        0x8 C:/ST/STM32CubeIDE_1.14.0/STM32CubeIDE/plugins/com.st.stm32cube.ide.mcu.externaltools.gnu-tools-for-stm32.11.3.rel1.win32_1.1.100.202309141235/tools/bin/../lib/gcc/arm-none-eabi/11.3.1/thumb/v7e-m+fp/hard/crtn.o
 *(.fini)
 .fini          0x0000000008000e1c        0x4 C:/ST/STM32CubeIDE_1.14.0/STM32CubeIDE/plugins/com.st.stm32cube.ide.mcu.externaltools.gnu-tools-for-stm32.11.3.rel1.win32_1.1.100.202309141235/tools/bin/../lib/gcc/arm-none-eabi/11.3.1/thumb/v7e-m+fp/hard/crti.o
                0x0000000008000e1c                _fini
 .fini          0x0000000008000e20        0x8 C:/ST/STM32CubeIDE_1.14.0/STM32CubeIDE/plugins/com.st.stm32cube.ide.mcu.externaltools.gnu-tools-for-stm32.11.3.rel1.win32_1.1.100.202309141235/tools/bin/../lib/gcc/arm-none-eabi/11.3.1/thumb/v7e-m+fp/hard/crtn.o
                0x0000000008000e28                . = ALIGN (0x4)
                0x0000000008000e28                _etext = .

.vfp11_veneer   0x0000000008000e28        0x0
 .vfp11_veneer  0x0000000008000e28        0x0 linker stubs

.v4_bx          0x0000000008000e28        0x0
 .v4_bx         0x0000000008000e28        0x0 linker stubs

.iplt           0x0000000008000e28        0x0
 .iplt          0x0000000008000e28        0x0 C:/ST/STM32CubeIDE_1.14.0/STM32CubeIDE/plugins/com.st.stm32cube.ide.mcu.externaltools.gnu-tools-for-stm32.11.3.rel1.win32_1.1.100.202309141235/tools/bin/../lib/gcc/arm-none-eabi/11.3.1/thumb/v7e-m+fp/hard/crtbegin.o

.rel.dyn        0x0000000008000e28        0x0
 .rel.iplt      0x0000000008000e28        0x0 C:/ST/STM32CubeIDE_1.14.0/STM32CubeIDE/plugins/com.st.stm32cube.ide.mcu.externaltools.gnu-tools-for-stm32.11.3.rel1.win32_1.1.100.202309141235/tools/bin/../lib/gcc/arm-none-eabi/11.3.1/thumb/v7e-m+fp/hard/crtbegin.o

.rodata         0x0000000008000e28        0x0
                0x0000000008000e28                . = ALIGN (0x4)
 *(.rodata)
 *(.rodata*)
                0x0000000008000e28                . = ALIGN (0x4)

.ARM.extab      0x0000000008000e28        0x0
                0x0000000008000e28                . = ALIGN (0x4)
 *(.ARM.extab* .gnu.linkonce.armextab.*)
                0x0000000008000e28                . = ALIGN (0x4)

.ARM            0x0000000008000e28        0x0
                0x0000000008000e28                . = ALIGN (0x4)
                0x0000000008000e28                __exidx_start = .
 *(.ARM.exidx*)
                0x0000000008000e28                __exidx_end = .
                0x0000000008000e28                . = ALIGN (0x4)

.preinit_array  0x0000000008000e28        0x0
                0x0000000008000e28                . = ALIGN (0x4)
                0x0000000008000e28                PROVIDE (__preinit_array_start = .)
 *(.preinit_array*)
                0x0000000008000e28                PROVIDE (__preinit_array_end = .)
                0x0000000008000e28                . = ALIGN (0x4)

.init_array     0x0000000008000e28        0x4
                0x0000000008000e28                . = ALIGN (0x4)
                0x0000000008000e28                PROVIDE (__init_array_start = .)
 *(SORT_BY_NAME(.init_array.*))
 *(.init_array*)
 .init_array    0x0000000008000e28        0x4 C:/ST/STM32CubeIDE_1.14.0/STM32CubeIDE/plugins/com.st.stm32cube.ide.mcu.externaltools.gnu-tools-for-stm32.11.3.rel1.win32_1.1.100.202309141235/tools/bin/../lib/gcc/arm-none-eabi/11.3.1/thumb/v7e-m+fp/hard/crtbegin.o
                0x0000000008000e2c                PROVIDE (__init_array_end = .)
                0x0000000008000e2c                . = ALIGN (0x4)

.fini_array     0x0000000008000e2c        0x4
                0x0000000008000e2c                . = ALIGN (0x4)
                [!provide]                        PROVIDE (__fini_array_start = .)
 *(SORT_BY_NAME(.fini_array.*))
 *(.fini_array*)
 .fini_array    0x0000000008000e2c        0x4 C:/ST/STM32CubeIDE_1.14.0/STM32CubeIDE/plugins/com.st.stm32cube.ide.mcu.externaltools.gnu-tools-for-stm32.11.3.rel1.win32_1.1.100.202309141235/tools/bin/../lib/gcc/arm-none-eabi/11.3.1/thumb/v7e-m+fp/hard/crtbegin.o
                [!provide]                        PROVIDE (__fini_array_end = .)
                0x0000000008000e30                . = ALIGN (0x4)
                0x0000000008000e30                _sidata = LOADADDR (.data)

.data           0x0000000020000000        0x0 load address 0x0000000008000e30
                0x0000000020000000                . = ALIGN (0x4)
                0x0000000020000000                _sdata = .
 *(.data)
 *(.data*)
 *(.RamFunc)
 *(.RamFunc*)
                0x0000000020000000                . = ALIGN (0x4)
                0x0000000020000000                _edata = .

.igot.plt       0x0000000020000000        0x0 load address 0x0000000008000e30
 .igot.plt      0x0000000020000000        0x0 C:/ST/STM32CubeIDE_1.14.0/STM32CubeIDE/plugins/com.st.stm32cube.ide.mcu.externaltools.gnu-tools-for-stm32.11.3.rel1.win32_1.1.100.202309141235/tools/bin/../lib/gcc/arm-none-eabi/11.3.1/thumb/v7e-m+fp/hard/crtbegin.o
                0x0000000020000000                . = ALIGN (0x4)

.bss            0x0000000020000000       0x48 load address 0x0000000008000e30
                0x0000000020000000                _sbss = .
                0x0000000020000000                __bss_start__ = _sbss
 *(.bss)
 .bss           0x0000000020000000       0x1c C:/ST/STM32CubeIDE_1.14.0/STM32CubeIDE/plugins/com.st.stm32cube.ide.mcu.externaltools.gnu-tools-for-stm32.11.3.rel1.win32_1.1.100.202309141235/tools/bin/../lib/gcc/arm-none-eabi/11.3.1/thumb/v7e-m+fp/hard/crtbegin.o
 *(.bss*)
 .bss.data      0x000000002000001c        0x1 ./Src/adxl.o
                0x000000002000001c                data
 *fill*         0x000000002000001d        0x3 
 .bss.data_rec  0x0000000020000020        0x6 ./Src/adxl.o
                0x0000000020000020                data_rec
 .bss.x         0x0000000020000026        0x2 ./Src/main.o
                0x0000000020000026                x
 .bss.y         0x0000000020000028        0x2 ./Src/main.o
                0x0000000020000028                y
 .bss.z         0x000000002000002a        0x2 ./Src/main.o
                0x000000002000002a                z
 *fill*         0x000000002000002c        0x4 
 .bss.xg        0x0000000020000030        0x8 ./Src/main.o
                0x0000000020000030                xg
 .bss.yg        0x0000000020000038        0x8 ./Src/main.o
                0x0000000020000038                yg
 .bss.zg        0x0000000020000040        0x8 ./Src/main.o
                0x0000000020000040                zg
 *(COMMON)
                0x0000000020000048                . = ALIGN (0x4)
                0x0000000020000048                _ebss = .
                0x0000000020000048                __bss_end__ = _ebss

._user_heap_stack
                0x0000000020000048      0x600 load address 0x0000000008000e30
                0x0000000020000048                . = ALIGN (0x8)
                [!provide]                        PROVIDE (end = .)
                0x0000000020000048                PROVIDE (_end = .)
                0x0000000020000248                . = (. + _Min_Heap_Size)
 *fill*         0x0000000020000048      0x200 
                0x0000000020000648                . = (. + _Min_Stack_Size)
 *fill*         0x0000000020000248      0x400 
                0x0000000020000648                . = ALIGN (0x8)

/DISCARD/
 libc.a(*)
 libm.a(*)
 libgcc.a(*)

.ARM.attributes
                0x0000000000000000       0x30
 *(.ARM.attributes)
 .ARM.attributes
                0x0000000000000000       0x1e C:/ST/STM32CubeIDE_1.14.0/STM32CubeIDE/plugins/com.st.stm32cube.ide.mcu.externaltools.gnu-tools-for-stm32.11.3.rel1.win32_1.1.100.202309141235/tools/bin/../lib/gcc/arm-none-eabi/11.3.1/thumb/v7e-m+fp/hard/crti.o
 .ARM.attributes
                0x000000000000001e       0x34 C:/ST/STM32CubeIDE_1.14.0/STM32CubeIDE/plugins/com.st.stm32cube.ide.mcu.externaltools.gnu-tools-for-stm32.11.3.rel1.win32_1.1.100.202309141235/tools/bin/../lib/gcc/arm-none-eabi/11.3.1/thumb/v7e-m+fp/hard/crtbegin.o
 .ARM.attributes
                0x0000000000000052       0x34 ./Src/adxl.o
 .ARM.attributes
                0x0000000000000086       0x34 ./Src/i2c.o
 .ARM.attributes
                0x00000000000000ba       0x34 ./Src/main.o
 .ARM.attributes
                0x00000000000000ee       0x21 ./Startup/startup_stm32f446retx.o
 .ARM.attributes
                0x000000000000010f       0x34 C:/ST/STM32CubeIDE_1.14.0/STM32CubeIDE/plugins/com.st.stm32cube.ide.mcu.externaltools.gnu-tools-for-stm32.11.3.rel1.win32_1.1.100.202309141235/tools/bin/../lib/gcc/arm-none-eabi/11.3.1/../../../../arm-none-eabi/lib/thumb/v7e-m+fp/hard\libc_nano.a(libc_a-init.o)
 .ARM.attributes
                0x0000000000000143       0x1e C:/ST/STM32CubeIDE_1.14.0/STM32CubeIDE/plugins/com.st.stm32cube.ide.mcu.externaltools.gnu-tools-for-stm32.11.3.rel1.win32_1.1.100.202309141235/tools/bin/../lib/gcc/arm-none-eabi/11.3.1/thumb/v7e-m+fp/hard\libgcc.a(_arm_muldf3.o)
 .ARM.attributes
                0x0000000000000161       0x1e C:/ST/STM32CubeIDE_1.14.0/STM32CubeIDE/plugins/com.st.stm32cube.ide.mcu.externaltools.gnu-tools-for-stm32.11.3.rel1.win32_1.1.100.202309141235/tools/bin/../lib/gcc/arm-none-eabi/11.3.1/thumb/v7e-m+fp/hard\libgcc.a(_arm_addsubdf3.o)
 .ARM.attributes
                0x000000000000017f       0x1e C:/ST/STM32CubeIDE_1.14.0/STM32CubeIDE/plugins/com.st.stm32cube.ide.mcu.externaltools.gnu-tools-for-stm32.11.3.rel1.win32_1.1.100.202309141235/tools/bin/../lib/gcc/arm-none-eabi/11.3.1/thumb/v7e-m+fp/hard/crtn.o
OUTPUT(21_I2C_adxl.elf elf32-littlearm)
LOAD linker stubs
LOAD C:/ST/STM32CubeIDE_1.14.0/STM32CubeIDE/plugins/com.st.stm32cube.ide.mcu.externaltools.gnu-tools-for-stm32.11.3.rel1.win32_1.1.100.202309141235/tools/bin/../lib/gcc/arm-none-eabi/11.3.1/../../../../arm-none-eabi/lib/thumb/v7e-m+fp/hard\libc.a
LOAD C:/ST/STM32CubeIDE_1.14.0/STM32CubeIDE/plugins/com.st.stm32cube.ide.mcu.externaltools.gnu-tools-for-stm32.11.3.rel1.win32_1.1.100.202309141235/tools/bin/../lib/gcc/arm-none-eabi/11.3.1/../../../../arm-none-eabi/lib/thumb/v7e-m+fp/hard\libm.a
LOAD C:/ST/STM32CubeIDE_1.14.0/STM32CubeIDE/plugins/com.st.stm32cube.ide.mcu.externaltools.gnu-tools-for-stm32.11.3.rel1.win32_1.1.100.202309141235/tools/bin/../lib/gcc/arm-none-eabi/11.3.1/thumb/v7e-m+fp/hard\libgcc.a

.comment        0x0000000000000000       0x43
 .comment       0x0000000000000000       0x43 C:/ST/STM32CubeIDE_1.14.0/STM32CubeIDE/plugins/com.st.stm32cube.ide.mcu.externaltools.gnu-tools-for-stm32.11.3.rel1.win32_1.1.100.202309141235/tools/bin/../lib/gcc/arm-none-eabi/11.3.1/thumb/v7e-m+fp/hard/crtbegin.o
                                         0x44 (size before relaxing)
 .comment       0x0000000000000043       0x44 ./Src/adxl.o
 .comment       0x0000000000000043       0x44 ./Src/i2c.o
 .comment       0x0000000000000043       0x44 ./Src/main.o

.debug_info     0x0000000000000000      0x7f1
 .debug_info    0x0000000000000000      0x1cf ./Src/adxl.o
 .debug_info    0x00000000000001cf      0x4a0 ./Src/i2c.o
 .debug_info    0x000000000000066f      0x15f ./Src/main.o
 .debug_info    0x00000000000007ce       0x23 ./Startup/startup_stm32f446retx.o

.debug_abbrev   0x0000000000000000      0x309
 .debug_abbrev  0x0000000000000000      0x11e ./Src/adxl.o
 .debug_abbrev  0x000000000000011e      0x11b ./Src/i2c.o
 .debug_abbrev  0x0000000000000239       0xbe ./Src/main.o
 .debug_abbrev  0x00000000000002f7       0x12 ./Startup/startup_stm32f446retx.o

.debug_aranges  0x0000000000000000       0xb8
 .debug_aranges
                0x0000000000000000       0x38 ./Src/adxl.o
 .debug_aranges
                0x0000000000000038       0x38 ./Src/i2c.o
 .debug_aranges
                0x0000000000000070       0x20 ./Src/main.o
 .debug_aranges
                0x0000000000000090       0x28 ./Startup/startup_stm32f446retx.o

.debug_rnglists
                0x0000000000000000       0x7b
 .debug_rnglists
                0x0000000000000000       0x25 ./Src/adxl.o
 .debug_rnglists
                0x0000000000000025       0x29 ./Src/i2c.o
 .debug_rnglists
                0x000000000000004e       0x14 ./Src/main.o
 .debug_rnglists
                0x0000000000000062       0x19 ./Startup/startup_stm32f446retx.o

.debug_macro    0x0000000000000000    0x19872
 .debug_macro   0x0000000000000000       0x7c ./Src/adxl.o
 .debug_macro   0x000000000000007c      0xab4 ./Src/adxl.o
 .debug_macro   0x0000000000000b30       0x22 ./Src/adxl.o
 .debug_macro   0x0000000000000b52       0x8e ./Src/adxl.o
 .debug_macro   0x0000000000000be0       0x51 ./Src/adxl.o
 .debug_macro   0x0000000000000c31      0x103 ./Src/adxl.o
 .debug_macro   0x0000000000000d34       0x6a ./Src/adxl.o
 .debug_macro   0x0000000000000d9e      0x1df ./Src/adxl.o
 .debug_macro   0x0000000000000f7d       0x3a ./Src/adxl.o
 .debug_macro   0x0000000000000fb7      0x122 ./Src/i2c.o
 .debug_macro   0x00000000000010d9       0x28 ./Src/i2c.o
 .debug_macro   0x0000000000001101       0x28 ./Src/i2c.o
 .debug_macro   0x0000000000001129       0x1c ./Src/i2c.o
 .debug_macro   0x0000000000001145       0x22 ./Src/i2c.o
 .debug_macro   0x0000000000001167       0xd9 ./Src/i2c.o
 .debug_macro   0x0000000000001240     0x102d ./Src/i2c.o
 .debug_macro   0x000000000000226d      0x11f ./Src/i2c.o
 .debug_macro   0x000000000000238c    0x1672d ./Src/i2c.o
 .debug_macro   0x0000000000018ab9       0x43 ./Src/i2c.o
 .debug_macro   0x0000000000018afc      0x1c7 ./Src/main.o
 .debug_macro   0x0000000000018cc3       0x5b ./Src/main.o
 .debug_macro   0x0000000000018d1e       0x2a ./Src/main.o
 .debug_macro   0x0000000000018d48       0x94 ./Src/main.o
 .debug_macro   0x0000000000018ddc       0x43 ./Src/main.o
 .debug_macro   0x0000000000018e1f       0x34 ./Src/main.o
 .debug_macro   0x0000000000018e53       0x16 ./Src/main.o
 .debug_macro   0x0000000000018e69       0x57 ./Src/main.o
 .debug_macro   0x0000000000018ec0       0x97 ./Src/main.o
 .debug_macro   0x0000000000018f57      0x369 ./Src/main.o
 .debug_macro   0x00000000000192c0       0xfd ./Src/main.o
 .debug_macro   0x00000000000193bd       0x10 ./Src/main.o
 .debug_macro   0x00000000000193cd       0x16 ./Src/main.o
 .debug_macro   0x00000000000193e3       0x43 ./Src/main.o
 .debug_macro   0x0000000000019426       0x34 ./Src/main.o
 .debug_macro   0x000000000001945a       0x10 ./Src/main.o
 .debug_macro   0x000000000001946a       0x58 ./Src/main.o
 .debug_macro   0x00000000000194c2       0x8e ./Src/main.o
 .debug_macro   0x0000000000019550       0x1c ./Src/main.o
 .debug_macro   0x000000000001956c      0x177 ./Src/main.o
 .debug_macro   0x00000000000196e3       0x16 ./Src/main.o
 .debug_macro   0x00000000000196f9       0x16 ./Src/main.o
 .debug_macro   0x000000000001970f      0x147 ./Src/main.o
 .debug_macro   0x0000000000019856       0x1c ./Src/main.o

.debug_line     0x0000000000000000     0x15ff
 .debug_line    0x0000000000000000      0x472 ./Src/adxl.o
 .debug_line    0x0000000000000472      0x91d ./Src/i2c.o
 .debug_line    0x0000000000000d8f      0x7f5 ./Src/main.o
 .debug_line    0x0000000000001584       0x7b ./Startup/startup_stm32f446retx.o

.debug_str      0x0000000000000000    0x8e655
 .debug_str     0x0000000000000000     0x3ce9 ./Src/adxl.o
                                       0x3e51 (size before relaxing)
 .debug_str     0x0000000000003ce9    0x86e7d ./Src/i2c.o
                                      0x8abe7 (size before relaxing)
 .debug_str     0x000000000008ab66     0x3a4d ./Src/main.o
                                      0x8e4d4 (size before relaxing)
 .debug_str     0x000000000008e5b3       0xa2 ./Startup/startup_stm32f446retx.o

.debug_frame    0x0000000000000000      0x274
 .debug_frame   0x0000000000000000       0x98 ./Src/adxl.o
 .debug_frame   0x0000000000000098       0xa8 ./Src/i2c.o
 .debug_frame   0x0000000000000140       0x2c ./Src/main.o
 .debug_frame   0x000000000000016c       0x2c C:/ST/STM32CubeIDE_1.14.0/STM32CubeIDE/plugins/com.st.stm32cube.ide.mcu.externaltools.gnu-tools-for-stm32.11.3.rel1.win32_1.1.100.202309141235/tools/bin/../lib/gcc/arm-none-eabi/11.3.1/../../../../arm-none-eabi/lib/thumb/v7e-m+fp/hard\libc_nano.a(libc_a-init.o)
 .debug_frame   0x0000000000000198       0x30 C:/ST/STM32CubeIDE_1.14.0/STM32CubeIDE/plugins/com.st.stm32cube.ide.mcu.externaltools.gnu-tools-for-stm32.11.3.rel1.win32_1.1.100.202309141235/tools/bin/../lib/gcc/arm-none-eabi/11.3.1/thumb/v7e-m+fp/hard\libgcc.a(_arm_muldf3.o)
 .debug_frame   0x00000000000001c8       0xac C:/ST/STM32CubeIDE_1.14.0/STM32CubeIDE/plugins/com.st.stm32cube.ide.mcu.externaltools.gnu-tools-for-stm32.11.3.rel1.win32_1.1.100.202309141235/tools/bin/../lib/gcc/arm-none-eabi/11.3.1/thumb/v7e-m+fp/hard\libgcc.a(_arm_addsubdf3.o)

.debug_line_str
                0x0000000000000000       0x96
 .debug_line_str
                0x0000000000000000       0x96 ./Startup/startup_stm32f446retx.o
                                         0xae (size before relaxing)
