08:53:50 **** Build of configuration Debug for project 1_led_toggle_addr_struct ****
make -j16 all 
arm-none-eabi-gcc -mcpu=cortex-m4 -g3 -DDEBUG -c -x assembler-with-cpp -MMD -MP -MF"Startup/startup_stm32f446retx.d" -MT"Startup/startup_stm32f446retx.o" --specs=nano.specs -mfpu=fpv4-sp-d16 -mfloat-abi=hard -mthumb -o "Startup/startup_stm32f446retx.o" "../Startup/startup_stm32f446retx.s"
arm-none-eabi-gcc "../Src/main.c" -mcpu=cortex-m4 -std=gnu11 -g3 -DDEBUG -DSTM32 -DSTM32F4 -DSTM32F446RETx -c -I../Inc -O0 -ffunction-sections -fdata-sections -Wall -fstack-usage -fcyclomatic-complexity -MMD -MP -MF"Src/main.d" -MT"Src/main.o" --specs=nano.specs -mfpu=fpv4-sp-d16 -mfloat-abi=hard -mthumb -o "Src/main.o"
arm-none-eabi-gcc "../Src/syscalls.c" -mcpu=cortex-m4 -std=gnu11 -g3 -DDEBUG -DSTM32 -DSTM32F4 -DSTM32F446RETx -c -I../Inc -O0 -ffunction-sections -fdata-sections -Wall -fstack-usage -fcyclomatic-complexity -MMD -MP -MF"Src/syscalls.d" -MT"Src/syscalls.o" --specs=nano.specs -mfpu=fpv4-sp-d16 -mfloat-abi=hard -mthumb -o "Src/syscalls.o"
arm-none-eabi-gcc "../Src/sysmem.c" -mcpu=cortex-m4 -std=gnu11 -g3 -DDEBUG -DSTM32 -DSTM32F4 -DSTM32F446RETx -c -I../Inc -O0 -ffunction-sections -fdata-sections -Wall -fstack-usage -fcyclomatic-complexity -MMD -MP -MF"Src/sysmem.d" -MT"Src/sysmem.o" --specs=nano.specs -mfpu=fpv4-sp-d16 -mfloat-abi=hard -mthumb -o "Src/sysmem.o"
arm-none-eabi-gcc -o "1_led_toggle_addr_struct.elf" @"objects.list"   -mcpu=cortex-m4 -T"C:\Users\Simeon Suchir\OneDrive\Documents\embeddedstm32f446re_bare_metal_programming_workspace\1_led_toggle_addr_struct\STM32F446RETX_FLASH.ld" --specs=nosys.specs -Wl,-Map="1_led_toggle_addr_struct.map" -Wl,--gc-sections -static --specs=nano.specs -mfpu=fpv4-sp-d16 -mfloat-abi=hard -mthumb -Wl,--start-group -lc -lm -Wl,--end-group
Finished building target: 1_led_toggle_addr_struct.elf
 
arm-none-eabi-size  1_led_toggle_addr_struct.elf 
arm-none-eabi-objdump -h -S 1_led_toggle_addr_struct.elf  > "1_led_toggle_addr_struct.list"
   text	   data	    bss	    dec	    hex	filename
    784	      8	   1568	   2360	    938	1_led_toggle_addr_struct.elf
Finished building: default.size.stdout
 
Finished building: 1_led_toggle_addr_struct.list
 

08:53:51 Build Finished. 0 errors, 0 warnings. (took 1s.482ms)

