Archive member included to satisfy reference by file (symbol)

C:/ST/STM32CubeIDE_1.14.0/STM32CubeIDE/plugins/com.st.stm32cube.ide.mcu.externaltools.gnu-tools-for-stm32.11.3.rel1.win32_1.1.100.202309141235/tools/bin/../lib/gcc/arm-none-eabi/11.3.1/../../../../arm-none-eabi/lib/thumb/v7e-m+fp/hard\libc_nano.a(libc_a-exit.o)
                              C:/ST/STM32CubeIDE_1.14.0/STM32CubeIDE/plugins/com.st.stm32cube.ide.mcu.externaltools.gnu-tools-for-stm32.11.3.rel1.win32_1.1.100.202309141235/tools/bin/../lib/gcc/arm-none-eabi/11.3.1/../../../../arm-none-eabi/lib/thumb/v7e-m+fp/hard/crt0.o (exit)
C:/ST/STM32CubeIDE_1.14.0/STM32CubeIDE/plugins/com.st.stm32cube.ide.mcu.externaltools.gnu-tools-for-stm32.11.3.rel1.win32_1.1.100.202309141235/tools/bin/../lib/gcc/arm-none-eabi/11.3.1/../../../../arm-none-eabi/lib/thumb/v7e-m+fp/hard\libc_nano.a(libc_a-findfp.o)
                              C:/ST/STM32CubeIDE_1.14.0/STM32CubeIDE/plugins/com.st.stm32cube.ide.mcu.externaltools.gnu-tools-for-stm32.11.3.rel1.win32_1.1.100.202309141235/tools/bin/../lib/gcc/arm-none-eabi/11.3.1/../../../../arm-none-eabi/lib/thumb/v7e-m+fp/hard\libc_nano.a(libc_a-exit.o) (__stdio_exit_handler)
C:/ST/STM32CubeIDE_1.14.0/STM32CubeIDE/plugins/com.st.stm32cube.ide.mcu.externaltools.gnu-tools-for-stm32.11.3.rel1.win32_1.1.100.202309141235/tools/bin/../lib/gcc/arm-none-eabi/11.3.1/../../../../arm-none-eabi/lib/thumb/v7e-m+fp/hard\libc_nano.a(libc_a-fwalk.o)
                              C:/ST/STM32CubeIDE_1.14.0/STM32CubeIDE/plugins/com.st.stm32cube.ide.mcu.externaltools.gnu-tools-for-stm32.11.3.rel1.win32_1.1.100.202309141235/tools/bin/../lib/gcc/arm-none-eabi/11.3.1/../../../../arm-none-eabi/lib/thumb/v7e-m+fp/hard\libc_nano.a(libc_a-findfp.o) (_fwalk_sglue)
C:/ST/STM32CubeIDE_1.14.0/STM32CubeIDE/plugins/com.st.stm32cube.ide.mcu.externaltools.gnu-tools-for-stm32.11.3.rel1.win32_1.1.100.202309141235/tools/bin/../lib/gcc/arm-none-eabi/11.3.1/../../../../arm-none-eabi/lib/thumb/v7e-m+fp/hard\libc_nano.a(libc_a-stdio.o)
                              C:/ST/STM32CubeIDE_1.14.0/STM32CubeIDE/plugins/com.st.stm32cube.ide.mcu.externaltools.gnu-tools-for-stm32.11.3.rel1.win32_1.1.100.202309141235/tools/bin/../lib/gcc/arm-none-eabi/11.3.1/../../../../arm-none-eabi/lib/thumb/v7e-m+fp/hard\libc_nano.a(libc_a-findfp.o) (__sread)
C:/ST/STM32CubeIDE_1.14.0/STM32CubeIDE/plugins/com.st.stm32cube.ide.mcu.externaltools.gnu-tools-for-stm32.11.3.rel1.win32_1.1.100.202309141235/tools/bin/../lib/gcc/arm-none-eabi/11.3.1/../../../../arm-none-eabi/lib/thumb/v7e-m+fp/hard\libc_nano.a(libc_a-memset.o)
                              C:/ST/STM32CubeIDE_1.14.0/STM32CubeIDE/plugins/com.st.stm32cube.ide.mcu.externaltools.gnu-tools-for-stm32.11.3.rel1.win32_1.1.100.202309141235/tools/bin/../lib/gcc/arm-none-eabi/11.3.1/../../../../arm-none-eabi/lib/thumb/v7e-m+fp/hard/crt0.o (memset)
C:/ST/STM32CubeIDE_1.14.0/STM32CubeIDE/plugins/com.st.stm32cube.ide.mcu.externaltools.gnu-tools-for-stm32.11.3.rel1.win32_1.1.100.202309141235/tools/bin/../lib/gcc/arm-none-eabi/11.3.1/../../../../arm-none-eabi/lib/thumb/v7e-m+fp/hard\libc_nano.a(libc_a-closer.o)
                              C:/ST/STM32CubeIDE_1.14.0/STM32CubeIDE/plugins/com.st.stm32cube.ide.mcu.externaltools.gnu-tools-for-stm32.11.3.rel1.win32_1.1.100.202309141235/tools/bin/../lib/gcc/arm-none-eabi/11.3.1/../../../../arm-none-eabi/lib/thumb/v7e-m+fp/hard\libc_nano.a(libc_a-stdio.o) (_close_r)
C:/ST/STM32CubeIDE_1.14.0/STM32CubeIDE/plugins/com.st.stm32cube.ide.mcu.externaltools.gnu-tools-for-stm32.11.3.rel1.win32_1.1.100.202309141235/tools/bin/../lib/gcc/arm-none-eabi/11.3.1/../../../../arm-none-eabi/lib/thumb/v7e-m+fp/hard\libc_nano.a(libc_a-reent.o)
                              C:/ST/STM32CubeIDE_1.14.0/STM32CubeIDE/plugins/com.st.stm32cube.ide.mcu.externaltools.gnu-tools-for-stm32.11.3.rel1.win32_1.1.100.202309141235/tools/bin/../lib/gcc/arm-none-eabi/11.3.1/../../../../arm-none-eabi/lib/thumb/v7e-m+fp/hard\libc_nano.a(libc_a-closer.o) (errno)
C:/ST/STM32CubeIDE_1.14.0/STM32CubeIDE/plugins/com.st.stm32cube.ide.mcu.externaltools.gnu-tools-for-stm32.11.3.rel1.win32_1.1.100.202309141235/tools/bin/../lib/gcc/arm-none-eabi/11.3.1/../../../../arm-none-eabi/lib/thumb/v7e-m+fp/hard\libc_nano.a(libc_a-impure.o)
                              C:/ST/STM32CubeIDE_1.14.0/STM32CubeIDE/plugins/com.st.stm32cube.ide.mcu.externaltools.gnu-tools-for-stm32.11.3.rel1.win32_1.1.100.202309141235/tools/bin/../lib/gcc/arm-none-eabi/11.3.1/../../../../arm-none-eabi/lib/thumb/v7e-m+fp/hard\libc_nano.a(libc_a-reent.o) (_impure_ptr)
C:/ST/STM32CubeIDE_1.14.0/STM32CubeIDE/plugins/com.st.stm32cube.ide.mcu.externaltools.gnu-tools-for-stm32.11.3.rel1.win32_1.1.100.202309141235/tools/bin/../lib/gcc/arm-none-eabi/11.3.1/../../../../arm-none-eabi/lib/thumb/v7e-m+fp/hard\libc_nano.a(libc_a-lseekr.o)
[...]
Memory Configuration

Name             Origin             Length             Attributes
RAM              0x0000000020000000 0x0000000000020000 xrw
FLASH            0x0000000008000000 0x0000000000080000 xr
*default*        0x0000000000000000 0xffffffffffffffff

Linker script and memory map

LOAD C:/ST/STM32CubeIDE_1.14.0/STM32CubeIDE/plugins/com.st.stm32cube.ide.mcu.externaltools.gnu-tools-for-stm32.11.3.rel1.win32_1.1.100.202309141235/tools/bin/../lib/gcc/arm-none-eabi/11.3.1/thumb/v7e-m+fp/hard/crti.o
LOAD C:/ST/STM32CubeIDE_1.14.0/STM32CubeIDE/plugins/com.st.stm32cube.ide.mcu.externaltools.gnu-tools-for-stm32.11.3.rel1.win32_1.1.100.202309141235/tools/bin/../lib/gcc/arm-none-eabi/11.3.1/thumb/v7e-m+fp/hard/crtbegin.o
LOAD C:/ST/STM32CubeIDE_1.14.0/STM32CubeIDE/plugins/com.st.stm32cube.ide.mcu.externaltools.gnu-tools-for-stm32.11.3.rel1.win32_1.1.100.202309141235/tools/bin/../lib/gcc/arm-none-eabi/11.3.1/../../../../arm-none-eabi/lib/thumb/v7e-m+fp/hard/crt0.o
LOAD ./Src/adxl.o
LOAD ./Src/i2c.o
LOAD ./Src/main.o
LOAD ./Src/spi.o
LOAD ./Src/syscalls.o
LOAD ./Src/sysmem.o
LOAD ./Src/uart.o
LOAD ./Startup/startup_stm32f446retx.o
START GROUP
LOAD C:/ST/STM32CubeIDE_1.14.0/STM32CubeIDE/plugins/com.st.stm32cube.ide.mcu.externaltools.gnu-tools-for-stm32.11.3.rel1.win32_1.1.100.202309141235/tools/bin/../lib/gcc/arm-none-eabi/11.3.1/../../../../arm-none-eabi/lib/thumb/v7e-m+fp/hard\libc_nano.a
LOAD C:/ST/STM32CubeIDE_1.14.0/STM32CubeIDE/plugins/com.st.stm32cube.ide.mcu.externaltools.gnu-tools-for-stm32.11.3.rel1.win32_1.1.100.202309141235/tools/bin/../lib/gcc/arm-none-eabi/11.3.1/../../../../arm-none-eabi/lib/thumb/v7e-m+fp/hard\libm.a
END GROUP
START GROUP
LOAD C:/ST/STM32CubeIDE_1.14.0/STM32CubeIDE/plugins/com.st.stm32cube.ide.mcu.externaltools.gnu-tools-for-stm32.11.3.rel1.win32_1.1.100.202309141235/tools/bin/../lib/gcc/arm-none-eabi/11.3.1/thumb/v7e-m+fp/hard\libgcc.a
LOAD C:/ST/STM32CubeIDE_1.14.0/STM32CubeIDE/plugins/com.st.stm32cube.ide.mcu.externaltools.gnu-tools-for-stm32.11.3.rel1.win32_1.1.100.202309141235/tools/bin/../lib/gcc/arm-none-eabi/11.3.1/../../../../arm-none-eabi/lib/thumb/v7e-m+fp/hard\libc_nano.a
END GROUP
START GROUP
LOAD C:/ST/STM32CubeIDE_1.14.0/STM32CubeIDE/plugins/com.st.stm32cube.ide.mcu.externaltools.gnu-tools-for-stm32.11.3.rel1.win32_1.1.100.202309141235/tools/bin/../lib/gcc/arm-none-eabi/11.3.1/thumb/v7e-m+fp/hard\libgcc.a
LOAD C:/ST/STM32CubeIDE_1.14.0/STM32CubeIDE/plugins/com.st.stm32cube.ide.mcu.externaltools.gnu-tools-for-stm32.11.3.rel1.win32_1.1.100.202309141235/tools/bin/../lib/gcc/arm-none-eabi/11.3.1/../../../../arm-none-eabi/lib/thumb/v7e-m+fp/hard\libc_nano.a
LOAD C:/ST/STM32CubeIDE_1.14.0/STM32CubeIDE/plugins/com.st.stm32cube.ide.mcu.externaltools.gnu-tools-for-stm32.11.3.rel1.win32_1.1.100.202309141235/tools/bin/../lib/gcc/arm-none-eabi/11.3.1/../../../../arm-none-eabi/lib/thumb/v7e-m+fp/hard\libnosys.a
END GROUP
START GROUP
LOAD C:/ST/STM32CubeIDE_1.14.0/STM32CubeIDE/plugins/com.st.stm32cube.ide.mcu.externaltools.gnu-tools-for-stm32.11.3.rel1.win32_1.1.100.202309141235/tools/bin/../lib/gcc/arm-none-eabi/11.3.1/thumb/v7e-m+fp/hard\libgcc.a
LOAD C:/ST/STM32CubeIDE_1.14.0/STM32CubeIDE/plugins/com.st.stm32cube.ide.mcu.externaltools.gnu-tools-for-stm32.11.3.rel1.win32_1.1.100.202309141235/tools/bin/../lib/gcc/arm-none-eabi/11.3.1/../../../../arm-none-eabi/lib/thumb/v7e-m+fp/hard\libc_nano.a
LOAD C:/ST/STM32CubeIDE_1.14.0/STM32CubeIDE/plugins/com.st.stm32cube.ide.mcu.externaltools.gnu-tools-for-stm32.11.3.rel1.win32_1.1.100.202309141235/tools/bin/../lib/gcc/arm-none-eabi/11.3.1/../../../../arm-none-eabi/lib/thumb/v7e-m+fp/hard\libnosys.a
END GROUP
LOAD C:/ST/STM32CubeIDE_1.14.0/STM32CubeIDE/plugins/com.st.stm32cube.ide.mcu.externaltools.gnu-tools-for-stm32.11.3.rel1.win32_1.1.100.202309141235/tools/bin/../lib/gcc/arm-none-eabi/11.3.1/thumb/v7e-m+fp/hard/crtend.o
LOAD C:/ST/STM32CubeIDE_1.14.0/STM32CubeIDE/plugins/com.st.stm32cube.ide.mcu.externaltools.gnu-tools-for-stm32.11.3.rel1.win32_1.1.100.202309141235/tools/bin/../lib/gcc/arm-none-eabi/11.3.1/thumb/v7e-m+fp/hard/crtn.o
                0x0000000020020000                _estack = (ORIGIN (RAM) + LENGTH (RAM))
                0x0000000000000200                _Min_Heap_Size = 0x200
                0x0000000000000400                _Min_Stack_Size = 0x400

.isr_vector     0x0000000008000000      0x1c4
                0x0000000008000000                . = ALIGN (0x4)
 *(.isr_vector)
 .isr_vector    0x0000000008000000      0x1c4 ./Startup/startup_stm32f446retx.o
                0x0000000008000000                g_pfnVectors
                0x00000000080001c4                . = ALIGN (0x4)

.text           0x00000000080001c8      0xb04
                0x00000000080001c8                . = ALIGN (0x4)
 *(.text)
 .text          0x00000000080001c8       0x40 C:/ST/STM32CubeIDE_1.14.0/STM32CubeIDE/plugins/com.st.stm32cube.ide.mcu.externaltools.gnu-tools-for-stm32.11.3.rel1.win32_1.1.100.202309141235/tools/bin/../lib/gcc/arm-none-eabi/11.3.1/thumb/v7e-m+fp/hard/crtbegin.o
 .text          0x0000000008000208      0x254 C:/ST/STM32CubeIDE_1.14.0/STM32CubeIDE/plugins/com.st.stm32cube.ide.mcu.externaltools.gnu-tools-for-stm32.11.3.rel1.win32_1.1.100.202309141235/tools/bin/../lib/gcc/arm-none-eabi/11.3.1/thumb/v7e-m+fp/hard\libgcc.a(_arm_muldf3.o)
                0x0000000008000208                __muldf3
                0x0000000008000208                __aeabi_dmul
 .text          0x000000000800045c      0x378 C:/ST/STM32CubeIDE_1.14.0/STM32CubeIDE/plugins/com.st.stm32cube.ide.mcu.externaltools.gnu-tools-for-stm32.11.3.rel1.win32_1.1.100.202309141235/tools/bin/../lib/gcc/arm-none-eabi/11.3.1/thumb/v7e-m+fp/hard\libgcc.a(_arm_addsubdf3.o)
                0x000000000800045c                __aeabi_drsub
                0x0000000008000464                __aeabi_dsub
                0x0000000008000464                __subdf3
                0x0000000008000468                __aeabi_dadd
                0x0000000008000468                __adddf3
                0x00000000080006e0                __floatunsidf
                0x00000000080006e0                __aeabi_ui2d
                0x0000000008000700                __floatsidf
                0x0000000008000700                __aeabi_i2d
                0x0000000008000724                __aeabi_f2d
                0x0000000008000724                __extendsfdf2
                0x0000000008000768                __floatundidf
                0x0000000008000768                __aeabi_ul2d
                0x0000000008000778                __floatdidf
                0x0000000008000778                __aeabi_l2d
 *(.text*)
 .text.adxl_read
                0x00000000080007d4       0x42 ./Src/adxl.o
                0x00000000080007d4                adxl_read
 .text.adxl_write
                0x0000000008000816       0x3a ./Src/adxl.o
                0x0000000008000816                adxl_write
 .text.adxl_init
                0x0000000008000850       0x28 ./Src/adxl.o
                0x0000000008000850                adxl_init
 .text.main     0x0000000008000878       0xdc ./Src/main.o
                0x0000000008000878                main
 .text.SPI1_gpio_init
                0x0000000008000954      0x114 ./Src/spi.o
                0x0000000008000954                SPI1_gpio_init
 .text.SPI1_config
                0x0000000008000a68       0xb4 ./Src/spi.o
                0x0000000008000a68                SPI1_config
 .text.SPI1_transmit
                0x0000000008000b1c       0x70 ./Src/spi.o
                0x0000000008000b1c                SPI1_transmit
 .text.SPI1_recieve
                0x0000000008000b8c       0x4c ./Src/spi.o
                0x0000000008000b8c                SPI1_recieve
 .text.cs_enable
                0x0000000008000bd8       0x20 ./Src/spi.o
                0x0000000008000bd8                cs_enable
 .text.cs_disable
                0x0000000008000bf8       0x20 ./Src/spi.o
                0x0000000008000bf8                cs_disable
 .text.Reset_Handler
                0x0000000008000c18       0x50 ./Startup/startup_stm32f446retx.o
                0x0000000008000c18                Reset_Handler
 .text.Default_Handler
                0x0000000008000c68        0x2 ./Startup/startup_stm32f446retx.o
                0x0000000008000c68                RTC_Alarm_IRQHandler
                0x0000000008000c68                EXTI2_IRQHandler
                0x0000000008000c68                TIM8_CC_IRQHandler
                0x0000000008000c68                SPDIF_Rx_IRQHandler
                0x0000000008000c68                DebugMon_Handler
                0x0000000008000c68                SPI4_IRQHandler
                0x0000000008000c68                TIM1_CC_IRQHandler
                0x0000000008000c68                QuadSPI_IRQHandler
                0x0000000008000c68                DMA2_Stream5_IRQHandler
                0x0000000008000c68                HardFault_Handler
                0x0000000008000c68                DMA1_Stream5_IRQHandler
                0x0000000008000c68                SysTick_Handler
                0x0000000008000c68                PVD_IRQHandler
                0x0000000008000c68                SDIO_IRQHandler
                0x0000000008000c68                TAMP_STAMP_IRQHandler
                0x0000000008000c68                PendSV_Handler
                0x0000000008000c68                NMI_Handler
                0x0000000008000c68                CAN2_RX1_IRQHandler
                0x0000000008000c68                EXTI3_IRQHandler
                0x0000000008000c68                TIM8_TRG_COM_TIM14_IRQHandler
                0x0000000008000c68                TIM1_UP_TIM10_IRQHandler
                0x0000000008000c68                FMPI2C1_error_IRQHandler
                0x0000000008000c68                TIM8_UP_TIM13_IRQHandler
                0x0000000008000c68                I2C3_ER_IRQHandler
                0x0000000008000c68                EXTI0_IRQHandler
                0x0000000008000c68                I2C2_EV_IRQHandler
                0x0000000008000c68                DMA1_Stream2_IRQHandler
                0x0000000008000c68                CAN1_RX0_IRQHandler
                0x0000000008000c68                OTG_HS_WKUP_IRQHandler
                0x0000000008000c68                UsageFault_Handler
                0x0000000008000c68                CAN2_SCE_IRQHandler
                0x0000000008000c68                DMA2_Stream2_IRQHandler
                0x0000000008000c68                SPI1_IRQHandler
                0x0000000008000c68                TIM6_DAC_IRQHandler
                0x0000000008000c68                TIM1_BRK_TIM9_IRQHandler
                0x0000000008000c68                DCMI_IRQHandler
                0x0000000008000c68                CAN2_RX0_IRQHandler
                0x0000000008000c68                DMA2_Stream3_IRQHandler
                0x0000000008000c68                FMPI2C1_IRQHandler
                0x0000000008000c68                SAI2_IRQHandler
                0x0000000008000c68                USART6_IRQHandler
                0x0000000008000c68                USART3_IRQHandler
                0x0000000008000c68                CAN1_RX1_IRQHandler
                0x0000000008000c68                UART5_IRQHandler
                0x0000000008000c68                DMA2_Stream0_IRQHandler
                0x0000000008000c68                TIM4_IRQHandler
                0x0000000008000c68                I2C1_EV_IRQHandler
                0x0000000008000c68                HDMI_CEC_IRQHandler
                0x0000000008000c68                DMA1_Stream6_IRQHandler
                0x0000000008000c68                DMA1_Stream1_IRQHandler
                0x0000000008000c68                UART4_IRQHandler
                0x0000000008000c68                TIM3_IRQHandler
                0x0000000008000c68                RCC_IRQHandler
                0x0000000008000c68                TIM8_BRK_TIM12_IRQHandler
                0x0000000008000c68                Default_Handler
                0x0000000008000c68                EXTI15_10_IRQHandler
                0x0000000008000c68                ADC_IRQHandler
                0x0000000008000c68                DMA1_Stream7_IRQHandler
                0x0000000008000c68                TIM7_IRQHandler
                0x0000000008000c68                CAN2_TX_IRQHandler
                0x0000000008000c68                TIM5_IRQHandler
                0x0000000008000c68                DMA2_Stream7_IRQHandler
                0x0000000008000c68                I2C3_EV_IRQHandler
                0x0000000008000c68                EXTI9_5_IRQHandler
                0x0000000008000c68                RTC_WKUP_IRQHandler
                0x0000000008000c68                SPI2_IRQHandler
                0x0000000008000c68                OTG_HS_EP1_IN_IRQHandler
                0x0000000008000c68                MemManage_Handler
                0x0000000008000c68                DMA1_Stream0_IRQHandler
                0x0000000008000c68                CAN1_TX_IRQHandler
                0x0000000008000c68                SVC_Handler
                0x0000000008000c68                EXTI4_IRQHandler
                0x0000000008000c68                OTG_HS_EP1_OUT_IRQHandler
                0x0000000008000c68                WWDG_IRQHandler
                0x0000000008000c68                TIM2_IRQHandler
                0x0000000008000c68                OTG_FS_WKUP_IRQHandler
                0x0000000008000c68                TIM1_TRG_COM_TIM11_IRQHandler
                0x0000000008000c68                OTG_HS_IRQHandler
                0x0000000008000c68                EXTI1_IRQHandler
                0x0000000008000c68                USART2_IRQHandler
                0x0000000008000c68                I2C2_ER_IRQHandler
                0x0000000008000c68                DMA2_Stream1_IRQHandler
                0x0000000008000c68                CAN1_SCE_IRQHandler
                0x0000000008000c68                FLASH_IRQHandler
                0x0000000008000c68                DMA2_Stream4_IRQHandler
                0x0000000008000c68                BusFault_Handler
                0x0000000008000c68                USART1_IRQHandler
                0x0000000008000c68                OTG_FS_IRQHandler
                0x0000000008000c68                SPI3_IRQHandler
                0x0000000008000c68                DMA1_Stream4_IRQHandler
                0x0000000008000c68                I2C1_ER_IRQHandler
                0x0000000008000c68                FMC_IRQHandler
                0x0000000008000c68                DMA2_Stream6_IRQHandler
                0x0000000008000c68                SAI1_IRQHandler
                0x0000000008000c68                DMA1_Stream3_IRQHandler
 *fill*         0x0000000008000c6a        0x2 
 .text.__libc_init_array
                0x0000000008000c6c       0x48 C:/ST/STM32CubeIDE_1.14.0/STM32CubeIDE/plugins/com.st.stm32cube.ide.mcu.externaltools.gnu-tools-for-stm32.11.3.rel1.win32_1.1.100.202309141235/tools/bin/../lib/gcc/arm-none-eabi/11.3.1/../../../../arm-none-eabi/lib/thumb/v7e-m+fp/hard\libc_nano.a(libc_a-init.o)
                0x0000000008000c6c                __libc_init_array
 *(.glue_7)
 .glue_7        0x0000000008000cb4        0x0 linker stubs
 *(.glue_7t)
 .glue_7t       0x0000000008000cb4        0x0 linker stubs
 *(.eh_frame)
 .eh_frame      0x0000000008000cb4        0x0 C:/ST/STM32CubeIDE_1.14.0/STM32CubeIDE/plugins/com.st.stm32cube.ide.mcu.externaltools.gnu-tools-for-stm32.11.3.rel1.win32_1.1.100.202309141235/tools/bin/../lib/gcc/arm-none-eabi/11.3.1/thumb/v7e-m+fp/hard/crtbegin.o
 *(.init)
 .init          0x0000000008000cb4        0x4 C:/ST/STM32CubeIDE_1.14.0/STM32CubeIDE/plugins/com.st.stm32cube.ide.mcu.externaltools.gnu-tools-for-stm32.11.3.rel1.win32_1.1.100.202309141235/tools/bin/../lib/gcc/arm-none-eabi/11.3.1/thumb/v7e-m+fp/hard/crti.o
                0x0000000008000cb4                _init
 .init          0x0000000008000cb8        0x8 C:/ST/STM32CubeIDE_1.14.0/STM32CubeIDE/plugins/com.st.stm32cube.ide.mcu.externaltools.gnu-tools-for-stm32.11.3.rel1.win32_1.1.100.202309141235/tools/bin/../lib/gcc/arm-none-eabi/11.3.1/thumb/v7e-m+fp/hard/crtn.o
 *(.fini)
 .fini          0x0000000008000cc0        0x4 C:/ST/STM32CubeIDE_1.14.0/STM32CubeIDE/plugins/com.st.stm32cube.ide.mcu.externaltools.gnu-tools-for-stm32.11.3.rel1.win32_1.1.100.202309141235/tools/bin/../lib/gcc/arm-none-eabi/11.3.1/thumb/v7e-m+fp/hard/crti.o
                0x0000000008000cc0                _fini
 .fini          0x0000000008000cc4        0x8 C:/ST/STM32CubeIDE_1.14.0/STM32CubeIDE/plugins/com.st.stm32cube.ide.mcu.externaltools.gnu-tools-for-stm32.11.3.rel1.win32_1.1.100.202309141235/tools/bin/../lib/gcc/arm-none-eabi/11.3.1/thumb/v7e-m+fp/hard/crtn.o
                0x0000000008000ccc                . = ALIGN (0x4)
                0x0000000008000ccc                _etext = .

.vfp11_veneer   0x0000000008000ccc        0x0
 .vfp11_veneer  0x0000000008000ccc        0x0 linker stubs

.v4_bx          0x0000000008000ccc        0x0
 .v4_bx         0x0000000008000ccc        0x0 linker stubs

.iplt           0x0000000008000ccc        0x0
 .iplt          0x0000000008000ccc        0x0 C:/ST/STM32CubeIDE_1.14.0/STM32CubeIDE/plugins/com.st.stm32cube.ide.mcu.externaltools.gnu-tools-for-stm32.11.3.rel1.win32_1.1.100.202309141235/tools/bin/../lib/gcc/arm-none-eabi/11.3.1/thumb/v7e-m+fp/hard/crtbegin.o

.rel.dyn        0x0000000008000ccc        0x0
 .rel.iplt      0x0000000008000ccc        0x0 C:/ST/STM32CubeIDE_1.14.0/STM32CubeIDE/plugins/com.st.stm32cube.ide.mcu.externaltools.gnu-tools-for-stm32.11.3.rel1.win32_1.1.100.202309141235/tools/bin/../lib/gcc/arm-none-eabi/11.3.1/thumb/v7e-m+fp/hard/crtbegin.o

.rodata         0x0000000008000ccc        0x0
                0x0000000008000ccc                . = ALIGN (0x4)
 *(.rodata)
 *(.rodata*)
                0x0000000008000ccc                . = ALIGN (0x4)

.ARM.extab      0x0000000008000ccc        0x0
                0x0000000008000ccc                . = ALIGN (0x4)
 *(.ARM.extab* .gnu.linkonce.armextab.*)
                0x0000000008000ccc                . = ALIGN (0x4)

.ARM            0x0000000008000ccc        0x0
                0x0000000008000ccc                . = ALIGN (0x4)
                0x0000000008000ccc                __exidx_start = .
 *(.ARM.exidx*)
                0x0000000008000ccc                __exidx_end = .
                0x0000000008000ccc                . = ALIGN (0x4)

.preinit_array  0x0000000008000ccc        0x0
                0x0000000008000ccc                . = ALIGN (0x4)
                0x0000000008000ccc                PROVIDE (__preinit_array_start = .)
 *(.preinit_array*)
                0x0000000008000ccc                PROVIDE (__preinit_array_end = .)
                0x0000000008000ccc                . = ALIGN (0x4)

.init_array     0x0000000008000ccc        0x4
                0x0000000008000ccc                . = ALIGN (0x4)
                0x0000000008000ccc                PROVIDE (__init_array_start = .)
 *(SORT_BY_NAME(.init_array.*))
 *(.init_array*)
 .init_array    0x0000000008000ccc        0x4 C:/ST/STM32CubeIDE_1.14.0/STM32CubeIDE/plugins/com.st.stm32cube.ide.mcu.externaltools.gnu-tools-for-stm32.11.3.rel1.win32_1.1.100.202309141235/tools/bin/../lib/gcc/arm-none-eabi/11.3.1/thumb/v7e-m+fp/hard/crtbegin.o
                0x0000000008000cd0                PROVIDE (__init_array_end = .)
                0x0000000008000cd0                . = ALIGN (0x4)

.fini_array     0x0000000008000cd0        0x4
                0x0000000008000cd0                . = ALIGN (0x4)
                [!provide]                        PROVIDE (__fini_array_start = .)
 *(SORT_BY_NAME(.fini_array.*))
 *(.fini_array*)
 .fini_array    0x0000000008000cd0        0x4 C:/ST/STM32CubeIDE_1.14.0/STM32CubeIDE/plugins/com.st.stm32cube.ide.mcu.externaltools.gnu-tools-for-stm32.11.3.rel1.win32_1.1.100.202309141235/tools/bin/../lib/gcc/arm-none-eabi/11.3.1/thumb/v7e-m+fp/hard/crtbegin.o
                [!provide]                        PROVIDE (__fini_array_end = .)
                0x0000000008000cd4                . = ALIGN (0x4)
                0x0000000008000cd4                _sidata = LOADADDR (.data)

.data           0x0000000020000000        0x0 load address 0x0000000008000cd4
                0x0000000020000000                . = ALIGN (0x4)
                0x0000000020000000                _sdata = .
 *(.data)
 *(.data*)
 *(.RamFunc)
 *(.RamFunc*)
                0x0000000020000000                . = ALIGN (0x4)
                0x0000000020000000                _edata = .

.igot.plt       0x0000000020000000        0x0 load address 0x0000000008000cd4
 .igot.plt      0x0000000020000000        0x0 C:/ST/STM32CubeIDE_1.14.0/STM32CubeIDE/plugins/com.st.stm32cube.ide.mcu.externaltools.gnu-tools-for-stm32.11.3.rel1.win32_1.1.100.202309141235/tools/bin/../lib/gcc/arm-none-eabi/11.3.1/thumb/v7e-m+fp/hard/crtbegin.o
                0x0000000020000000                . = ALIGN (0x4)

.bss            0x0000000020000000       0x48 load address 0x0000000008000cd4
                0x0000000020000000                _sbss = .
                0x0000000020000000                __bss_start__ = _sbss
 *(.bss)
 .bss           0x0000000020000000       0x1c C:/ST/STM32CubeIDE_1.14.0/STM32CubeIDE/plugins/com.st.stm32cube.ide.mcu.externaltools.gnu-tools-for-stm32.11.3.rel1.win32_1.1.100.202309141235/tools/bin/../lib/gcc/arm-none-eabi/11.3.1/thumb/v7e-m+fp/hard/crtbegin.o
 *(.bss*)
 .bss.x         0x000000002000001c        0x2 ./Src/main.o
                0x000000002000001c                x
 .bss.y         0x000000002000001e        0x2 ./Src/main.o
                0x000000002000001e                y
 .bss.z         0x0000000020000020        0x2 ./Src/main.o
                0x0000000020000020                z
 *fill*         0x0000000020000022        0x6 
 .bss.xg        0x0000000020000028        0x8 ./Src/main.o
                0x0000000020000028                xg
 .bss.yg        0x0000000020000030        0x8 ./Src/main.o
                0x0000000020000030                yg
 .bss.zg        0x0000000020000038        0x8 ./Src/main.o
                0x0000000020000038                zg
 .bss.data_rec  0x0000000020000040        0x6 ./Src/main.o
                0x0000000020000040                data_rec
 *(COMMON)
                0x0000000020000048                . = ALIGN (0x4)
 *fill*         0x0000000020000046        0x2 
                0x0000000020000048                _ebss = .
                0x0000000020000048                __bss_end__ = _ebss

._user_heap_stack
                0x0000000020000048      0x600 load address 0x0000000008000cd4
                0x0000000020000048                . = ALIGN (0x8)
                [!provide]                        PROVIDE (end = .)
                0x0000000020000048                PROVIDE (_end = .)
                0x0000000020000248                . = (. + _Min_Heap_Size)
 *fill*         0x0000000020000048      0x200 
                0x0000000020000648                . = (. + _Min_Stack_Size)
 *fill*         0x0000000020000248      0x400 
                0x0000000020000648                . = ALIGN (0x8)

/DISCARD/
 libc.a(*)
 libm.a(*)
 libgcc.a(*)

.ARM.attributes
                0x0000000000000000       0x30
 *(.ARM.attributes)
 .ARM.attributes
                0x0000000000000000       0x1e C:/ST/STM32CubeIDE_1.14.0/STM32CubeIDE/plugins/com.st.stm32cube.ide.mcu.externaltools.gnu-tools-for-stm32.11.3.rel1.win32_1.1.100.202309141235/tools/bin/../lib/gcc/arm-none-eabi/11.3.1/thumb/v7e-m+fp/hard/crti.o
 .ARM.attributes
                0x000000000000001e       0x34 C:/ST/STM32CubeIDE_1.14.0/STM32CubeIDE/plugins/com.st.stm32cube.ide.mcu.externaltools.gnu-tools-for-stm32.11.3.rel1.win32_1.1.100.202309141235/tools/bin/../lib/gcc/arm-none-eabi/11.3.1/thumb/v7e-m+fp/hard/crtbegin.o
 .ARM.attributes
                0x0000000000000052       0x34 ./Src/adxl.o
 .ARM.attributes
                0x0000000000000086       0x34 ./Src/main.o
 .ARM.attributes
                0x00000000000000ba       0x34 ./Src/spi.o
 .ARM.attributes
                0x00000000000000ee       0x21 ./Startup/startup_stm32f446retx.o
 .ARM.attributes
                0x000000000000010f       0x34 C:/ST/STM32CubeIDE_1.14.0/STM32CubeIDE/plugins/com.st.stm32cube.ide.mcu.externaltools.gnu-tools-for-stm32.11.3.rel1.win32_1.1.100.202309141235/tools/bin/../lib/gcc/arm-none-eabi/11.3.1/../../../../arm-none-eabi/lib/thumb/v7e-m+fp/hard\libc_nano.a(libc_a-init.o)
 .ARM.attributes
                0x0000000000000143       0x1e C:/ST/STM32CubeIDE_1.14.0/STM32CubeIDE/plugins/com.st.stm32cube.ide.mcu.externaltools.gnu-tools-for-stm32.11.3.rel1.win32_1.1.100.202309141235/tools/bin/../lib/gcc/arm-none-eabi/11.3.1/thumb/v7e-m+fp/hard\libgcc.a(_arm_muldf3.o)
 .ARM.attributes
                0x0000000000000161       0x1e C:/ST/STM32CubeIDE_1.14.0/STM32CubeIDE/plugins/com.st.stm32cube.ide.mcu.externaltools.gnu-tools-for-stm32.11.3.rel1.win32_1.1.100.202309141235/tools/bin/../lib/gcc/arm-none-eabi/11.3.1/thumb/v7e-m+fp/hard\libgcc.a(_arm_addsubdf3.o)
 .ARM.attributes
                0x000000000000017f       0x1e C:/ST/STM32CubeIDE_1.14.0/STM32CubeIDE/plugins/com.st.stm32cube.ide.mcu.externaltools.gnu-tools-for-stm32.11.3.rel1.win32_1.1.100.202309141235/tools/bin/../lib/gcc/arm-none-eabi/11.3.1/thumb/v7e-m+fp/hard/crtn.o
OUTPUT(22_SPI_adxl.elf elf32-littlearm)
LOAD linker stubs
LOAD C:/ST/STM32CubeIDE_1.14.0/STM32CubeIDE/plugins/com.st.stm32cube.ide.mcu.externaltools.gnu-tools-for-stm32.11.3.rel1.win32_1.1.100.202309141235/tools/bin/../lib/gcc/arm-none-eabi/11.3.1/../../../../arm-none-eabi/lib/thumb/v7e-m+fp/hard\libc.a
LOAD C:/ST/STM32CubeIDE_1.14.0/STM32CubeIDE/plugins/com.st.stm32cube.ide.mcu.externaltools.gnu-tools-for-stm32.11.3.rel1.win32_1.1.100.202309141235/tools/bin/../lib/gcc/arm-none-eabi/11.3.1/../../../../arm-none-eabi/lib/thumb/v7e-m+fp/hard\libm.a
LOAD C:/ST/STM32CubeIDE_1.14.0/STM32CubeIDE/plugins/com.st.stm32cube.ide.mcu.externaltools.gnu-tools-for-stm32.11.3.rel1.win32_1.1.100.202309141235/tools/bin/../lib/gcc/arm-none-eabi/11.3.1/thumb/v7e-m+fp/hard\libgcc.a

.comment        0x0000000000000000       0x43
 .comment       0x0000000000000000       0x43 C:/ST/STM32CubeIDE_1.14.0/STM32CubeIDE/plugins/com.st.stm32cube.ide.mcu.externaltools.gnu-tools-for-stm32.11.3.rel1.win32_1.1.100.202309141235/tools/bin/../lib/gcc/arm-none-eabi/11.3.1/thumb/v7e-m+fp/hard/crtbegin.o
                                         0x44 (size before relaxing)
 .comment       0x0000000000000043       0x44 ./Src/adxl.o
 .comment       0x0000000000000043       0x44 ./Src/main.o
 .comment       0x0000000000000043       0x44 ./Src/spi.o

.debug_info     0x0000000000000000      0x74c
 .debug_info    0x0000000000000000      0x183 ./Src/adxl.o
 .debug_info    0x0000000000000183      0x170 ./Src/main.o
 .debug_info    0x00000000000002f3      0x436 ./Src/spi.o
 .debug_info    0x0000000000000729       0x23 ./Startup/startup_stm32f446retx.o

.debug_abbrev   0x0000000000000000      0x2e4
 .debug_abbrev  0x0000000000000000       0xf9 ./Src/adxl.o
 .debug_abbrev  0x00000000000000f9       0xc7 ./Src/main.o
 .debug_abbrev  0x00000000000001c0      0x112 ./Src/spi.o
 .debug_abbrev  0x00000000000002d2       0x12 ./Startup/startup_stm32f446retx.o

.debug_aranges  0x0000000000000000       0xc0
 .debug_aranges
                0x0000000000000000       0x30 ./Src/adxl.o
 .debug_aranges
                0x0000000000000030       0x20 ./Src/main.o
 .debug_aranges
                0x0000000000000050       0x48 ./Src/spi.o
 .debug_aranges
                0x0000000000000098       0x28 ./Startup/startup_stm32f446retx.o

.debug_rnglists
                0x0000000000000000       0x7f
 .debug_rnglists
                0x0000000000000000       0x1f ./Src/adxl.o
 .debug_rnglists
                0x000000000000001f       0x14 ./Src/main.o
 .debug_rnglists
                0x0000000000000033       0x33 ./Src/spi.o
 .debug_rnglists
                0x0000000000000066       0x19 ./Startup/startup_stm32f446retx.o

.debug_macro    0x0000000000000000    0x198bd
 .debug_macro   0x0000000000000000       0xf3 ./Src/adxl.o
 .debug_macro   0x00000000000000f3      0xab4 ./Src/adxl.o
 .debug_macro   0x0000000000000ba7       0x28 ./Src/adxl.o
 .debug_macro   0x0000000000000bcf       0x28 ./Src/adxl.o
 .debug_macro   0x0000000000000bf7       0x22 ./Src/adxl.o
 .debug_macro   0x0000000000000c19       0x8e ./Src/adxl.o
 .debug_macro   0x0000000000000ca7       0x51 ./Src/adxl.o
 .debug_macro   0x0000000000000cf8      0x103 ./Src/adxl.o
 .debug_macro   0x0000000000000dfb       0x6a ./Src/adxl.o
 .debug_macro   0x0000000000000e65      0x1df ./Src/adxl.o
 .debug_macro   0x0000000000001044       0x1c ./Src/adxl.o
 .debug_macro   0x0000000000001060       0x22 ./Src/adxl.o
 .debug_macro   0x0000000000001082       0xd9 ./Src/adxl.o
 .debug_macro   0x000000000000115b     0x102d ./Src/adxl.o
 .debug_macro   0x0000000000002188      0x11f ./Src/adxl.o
 .debug_macro   0x00000000000022a7    0x1672d ./Src/adxl.o
 .debug_macro   0x00000000000189d4       0x43 ./Src/adxl.o
 .debug_macro   0x0000000000018a17       0x3a ./Src/adxl.o
 .debug_macro   0x0000000000018a51      0x1c7 ./Src/main.o
 .debug_macro   0x0000000000018c18       0x5b ./Src/main.o
 .debug_macro   0x0000000000018c73       0x2a ./Src/main.o
 .debug_macro   0x0000000000018c9d       0x94 ./Src/main.o
 .debug_macro   0x0000000000018d31       0x43 ./Src/main.o
 .debug_macro   0x0000000000018d74       0x34 ./Src/main.o
 .debug_macro   0x0000000000018da8       0x16 ./Src/main.o
 .debug_macro   0x0000000000018dbe       0x57 ./Src/main.o
 .debug_macro   0x0000000000018e15       0x97 ./Src/main.o
 .debug_macro   0x0000000000018eac      0x369 ./Src/main.o
 .debug_macro   0x0000000000019215       0xfd ./Src/main.o
 .debug_macro   0x0000000000019312       0x10 ./Src/main.o
 .debug_macro   0x0000000000019322       0x16 ./Src/main.o
 .debug_macro   0x0000000000019338       0x43 ./Src/main.o
 .debug_macro   0x000000000001937b       0x34 ./Src/main.o
 .debug_macro   0x00000000000193af       0x10 ./Src/main.o
 .debug_macro   0x00000000000193bf       0x58 ./Src/main.o
 .debug_macro   0x0000000000019417       0x8e ./Src/main.o
 .debug_macro   0x00000000000194a5       0x1c ./Src/main.o
 .debug_macro   0x00000000000194c1      0x177 ./Src/main.o
 .debug_macro   0x0000000000019638       0x16 ./Src/main.o
 .debug_macro   0x000000000001964e       0x16 ./Src/main.o
 .debug_macro   0x0000000000019664      0x147 ./Src/main.o
 .debug_macro   0x00000000000197ab       0x1c ./Src/main.o
 .debug_macro   0x00000000000197c7       0xf6 ./Src/spi.o

.debug_line     0x0000000000000000     0x157a
 .debug_line    0x0000000000000000      0x614 ./Src/adxl.o
 .debug_line    0x0000000000000614      0x7f5 ./Src/main.o
 .debug_line    0x0000000000000e09      0x6f6 ./Src/spi.o
 .debug_line    0x00000000000014ff       0x7b ./Startup/startup_stm32f446retx.o

.debug_str      0x0000000000000000    0x8e5e7
 .debug_str     0x0000000000000000    0x8a916 ./Src/adxl.o
                                      0x8aaa0 (size before relaxing)
 .debug_str     0x000000000008a916     0x3a56 ./Src/main.o
                                      0x8e4cd (size before relaxing)
 .debug_str     0x000000000008e36c      0x1d9 ./Src/spi.o
                                      0x8ab82 (size before relaxing)
 .debug_str     0x000000000008e545       0xa2 ./Startup/startup_stm32f446retx.o

.debug_frame    0x0000000000000000      0x288
 .debug_frame   0x0000000000000000       0x74 ./Src/adxl.o
 .debug_frame   0x0000000000000074       0x2c ./Src/main.o
 .debug_frame   0x00000000000000a0       0xe0 ./Src/spi.o
 .debug_frame   0x0000000000000180       0x2c C:/ST/STM32CubeIDE_1.14.0/STM32CubeIDE/plugins/com.st.stm32cube.ide.mcu.externaltools.gnu-tools-for-stm32.11.3.rel1.win32_1.1.100.202309141235/tools/bin/../lib/gcc/arm-none-eabi/11.3.1/../../../../arm-none-eabi/lib/thumb/v7e-m+fp/hard\libc_nano.a(libc_a-init.o)
 .debug_frame   0x00000000000001ac       0x30 C:/ST/STM32CubeIDE_1.14.0/STM32CubeIDE/plugins/com.st.stm32cube.ide.mcu.externaltools.gnu-tools-for-stm32.11.3.rel1.win32_1.1.100.202309141235/tools/bin/../lib/gcc/arm-none-eabi/11.3.1/thumb/v7e-m+fp/hard\libgcc.a(_arm_muldf3.o)
 .debug_frame   0x00000000000001dc       0xac C:/ST/STM32CubeIDE_1.14.0/STM32CubeIDE/plugins/com.st.stm32cube.ide.mcu.externaltools.gnu-tools-for-stm32.11.3.rel1.win32_1.1.100.202309141235/tools/bin/../lib/gcc/arm-none-eabi/11.3.1/thumb/v7e-m+fp/hard\libgcc.a(_arm_addsubdf3.o)

.debug_line_str
                0x0000000000000000       0x96
 .debug_line_str
                0x0000000000000000       0x96 ./Startup/startup_stm32f446retx.o
                                         0xae (size before relaxing)
